Archive member included to satisfy reference by file (symbol)

c:/program files (x86)/atmel/studio/7.0/toolchain/avr8/avr8-gnu-toolchain/bin/../lib/gcc/avr/5.4.0/avrxmega6\libgcc.a(_udivmodsi4.o)
                              src/ASF/xmega/drivers/usart/usart.o (__udivmodsi4)
c:/program files (x86)/atmel/studio/7.0/toolchain/avr8/avr8-gnu-toolchain/bin/../lib/gcc/avr/5.4.0/avrxmega6\libgcc.a(_exit.o)
                              C:/Program Files (x86)/Atmel/Studio/7.0/Packs/atmel/XMEGAA_DFP/1.2.141/gcc/dev/atxmega256a3bu/avrxmega6/crtatxmega256a3bu.o (exit)
c:/program files (x86)/atmel/studio/7.0/toolchain/avr8/avr8-gnu-toolchain/bin/../lib/gcc/avr/5.4.0/avrxmega6\libgcc.a(_copy_data.o)
                              src/ASF/common/services/gfx_mono/gfx_mono_menu.o (__do_copy_data)
c:/program files (x86)/atmel/studio/7.0/toolchain/avr8/avr8-gnu-toolchain/bin/../lib/gcc/avr/5.4.0/avrxmega6\libgcc.a(_clear_bss.o)
                              adc_sensors/adc_sensors.o (__do_clear_bss)
c:/program files (x86)/atmel/studio/7.0/toolchain/avr8/avr8-gnu-toolchain/bin/../lib/gcc/avr/5.4.0/../../../../avr/lib/avrxmega6\libm.a(addsf3.o)
                              adc_sensors/adc_sensors.o (__addsf3)
c:/program files (x86)/atmel/studio/7.0/toolchain/avr8/avr8-gnu-toolchain/bin/../lib/gcc/avr/5.4.0/../../../../avr/lib/avrxmega6\libm.a(addsf3x.o)
                              c:/program files (x86)/atmel/studio/7.0/toolchain/avr8/avr8-gnu-toolchain/bin/../lib/gcc/avr/5.4.0/../../../../avr/lib/avrxmega6\libm.a(addsf3.o) (__addsf3x)
c:/program files (x86)/atmel/studio/7.0/toolchain/avr8/avr8-gnu-toolchain/bin/../lib/gcc/avr/5.4.0/../../../../avr/lib/avrxmega6\libm.a(fixsfsi.o)
                              adc_sensors/adc_sensors.o (__fixsfsi)
c:/program files (x86)/atmel/studio/7.0/toolchain/avr8/avr8-gnu-toolchain/bin/../lib/gcc/avr/5.4.0/../../../../avr/lib/avrxmega6\libm.a(fixunssfsi.o)
                              c:/program files (x86)/atmel/studio/7.0/toolchain/avr8/avr8-gnu-toolchain/bin/../lib/gcc/avr/5.4.0/../../../../avr/lib/avrxmega6\libm.a(fixsfsi.o) (__fixunssfsi)
c:/program files (x86)/atmel/studio/7.0/toolchain/avr8/avr8-gnu-toolchain/bin/../lib/gcc/avr/5.4.0/../../../../avr/lib/avrxmega6\libm.a(floatsisf.o)
                              adc_sensors/adc_sensors.o (__floatunsisf)
c:/program files (x86)/atmel/studio/7.0/toolchain/avr8/avr8-gnu-toolchain/bin/../lib/gcc/avr/5.4.0/../../../../avr/lib/avrxmega6\libm.a(fp_inf.o)
                              c:/program files (x86)/atmel/studio/7.0/toolchain/avr8/avr8-gnu-toolchain/bin/../lib/gcc/avr/5.4.0/../../../../avr/lib/avrxmega6\libm.a(addsf3x.o) (__fp_inf)
c:/program files (x86)/atmel/studio/7.0/toolchain/avr8/avr8-gnu-toolchain/bin/../lib/gcc/avr/5.4.0/../../../../avr/lib/avrxmega6\libm.a(fp_nan.o)
                              c:/program files (x86)/atmel/studio/7.0/toolchain/avr8/avr8-gnu-toolchain/bin/../lib/gcc/avr/5.4.0/../../../../avr/lib/avrxmega6\libm.a(addsf3x.o) (__fp_nan)
c:/program files (x86)/atmel/studio/7.0/toolchain/avr8/avr8-gnu-toolchain/bin/../lib/gcc/avr/5.4.0/../../../../avr/lib/avrxmega6\libm.a(fp_pscA.o)
                              c:/program files (x86)/atmel/studio/7.0/toolchain/avr8/avr8-gnu-toolchain/bin/../lib/gcc/avr/5.4.0/../../../../avr/lib/avrxmega6\libm.a(addsf3x.o) (__fp_pscA)
c:/program files (x86)/atmel/studio/7.0/toolchain/avr8/avr8-gnu-toolchain/bin/../lib/gcc/avr/5.4.0/../../../../avr/lib/avrxmega6\libm.a(fp_pscB.o)
                              c:/program files (x86)/atmel/studio/7.0/toolchain/avr8/avr8-gnu-toolchain/bin/../lib/gcc/avr/5.4.0/../../../../avr/lib/avrxmega6\libm.a(addsf3x.o) (__fp_pscB)
c:/program files (x86)/atmel/studio/7.0/toolchain/avr8/avr8-gnu-toolchain/bin/../lib/gcc/avr/5.4.0/../../../../avr/lib/avrxmega6\libm.a(fp_round.o)
                              c:/program files (x86)/atmel/studio/7.0/toolchain/avr8/avr8-gnu-toolchain/bin/../lib/gcc/avr/5.4.0/../../../../avr/lib/avrxmega6\libm.a(addsf3.o) (__fp_round)
c:/program files (x86)/atmel/studio/7.0/toolchain/avr8/avr8-gnu-toolchain/bin/../lib/gcc/avr/5.4.0/../../../../avr/lib/avrxmega6\libm.a(fp_split3.o)
                              c:/program files (x86)/atmel/studio/7.0/toolchain/avr8/avr8-gnu-toolchain/bin/../lib/gcc/avr/5.4.0/../../../../avr/lib/avrxmega6\libm.a(addsf3x.o) (__fp_split3)
c:/program files (x86)/atmel/studio/7.0/toolchain/avr8/avr8-gnu-toolchain/bin/../lib/gcc/avr/5.4.0/../../../../avr/lib/avrxmega6\libm.a(fp_zero.o)
                              c:/program files (x86)/atmel/studio/7.0/toolchain/avr8/avr8-gnu-toolchain/bin/../lib/gcc/avr/5.4.0/../../../../avr/lib/avrxmega6\libm.a(addsf3x.o) (__fp_zero)
c:/program files (x86)/atmel/studio/7.0/toolchain/avr8/avr8-gnu-toolchain/bin/../lib/gcc/avr/5.4.0/../../../../avr/lib/avrxmega6\libm.a(mulsf3.o)
                              adc_sensors/adc_sensors.o (__mulsf3)
[...]
Memory Configuration

Name             Origin             Length             Attributes
text             0x00000000         0x00042000         xr
data             0x00802000         0x00004000         rw !x
eeprom           0x00810000         0x00001000         rw !x
fuse             0x00820000         0x00000006         rw !x
lock             0x00830000         0x00000400         rw !x
signature        0x00840000         0x00000400         rw !x
user_signatures  0x00850000         0x00000400         rw !x
*default*        0x00000000         0xffffffff

Linker script and memory map

LOAD C:/Program Files (x86)/Atmel/Studio/7.0/Packs/atmel/XMEGAA_DFP/1.2.141/gcc/dev/atxmega256a3bu/avrxmega6/crtatxmega256a3bu.o
LOAD adc_sensors/adc_sensors.o
LOAD src/ASF/common/components/display/st7565r/st7565r.o
LOAD src/ASF/common/services/gfx_mono/gfx_mono_c12832_a1z.o
LOAD src/ASF/xmega/drivers/usart/usart.o
LOAD src/ASF/common/services/spi/xmega_usart_spi/usart_spi.o
LOAD src/ASF/common/services/spi/xmega_spi/spi_master.o
LOAD src/ASF/common/services/gfx_mono/gfx_mono_framebuffer.o
LOAD src/ASF/common/services/gfx_mono/gfx_mono_generic.o
LOAD src/ASF/common/services/gfx_mono/gfx_mono_menu.o
LOAD src/ASF/xmega/drivers/spi/spi.o
LOAD src/ASF/common/services/gfx_mono/gfx_mono_text.o
LOAD src/ASF/common/services/gfx_mono/sysfont.o
LOAD src/ASF/xmega/drivers/adc/adc.o
LOAD src/ASF/xmega/drivers/adc/xmega_aau/adc_aau.o
LOAD src/ASF/common/services/sleepmgr/xmega/sleepmgr.o
LOAD src/ASF/common/services/clock/xmega/sysclk.o
LOAD src/ASF/xmega/drivers/nvm/nvm.o
LOAD src/ASF/xmega/drivers/nvm/nvm_asm.o
LOAD src/ASF/xmega/drivers/cpu/ccp.o
LOAD src/ASF/common/services/ioport/xmega/ioport_compat.o
LOAD src/ASF/xmega/boards/xmega_a3bu_xplained/init.o
LOAD src/main.o
START GROUP
END GROUP
Address of section .BOOT set to 0x40000
START GROUP
LOAD c:/program files (x86)/atmel/studio/7.0/toolchain/avr8/avr8-gnu-toolchain/bin/../lib/gcc/avr/5.4.0/avrxmega6\libgcc.a
LOAD c:/program files (x86)/atmel/studio/7.0/toolchain/avr8/avr8-gnu-toolchain/bin/../lib/gcc/avr/5.4.0/../../../../avr/lib/avrxmega6\libm.a
LOAD c:/program files (x86)/atmel/studio/7.0/toolchain/avr8/avr8-gnu-toolchain/bin/../lib/gcc/avr/5.4.0/../../../../avr/lib/avrxmega6\libc.a
LOAD C:/Program Files (x86)/Atmel/Studio/7.0/Packs/atmel/XMEGAA_DFP/1.2.141/gcc/dev/atxmega256a3bu/avrxmega6\libatxmega256a3bu.a
END GROUP
                [0x00000000]                __TEXT_REGION_ORIGIN__ = DEFINED (__TEXT_REGION_ORIGIN__)?__TEXT_REGION_ORIGIN__:0x0
                [0x00802000]                __DATA_REGION_ORIGIN__ = DEFINED (__DATA_REGION_ORIGIN__)?__DATA_REGION_ORIGIN__:0x802000
                [0x00042000]                __TEXT_REGION_LENGTH__ = DEFINED (__TEXT_REGION_LENGTH__)?__TEXT_REGION_LENGTH__:0x100000
                [0x00004000]                __DATA_REGION_LENGTH__ = DEFINED (__DATA_REGION_LENGTH__)?__DATA_REGION_LENGTH__:0xffa0
                [0x00001000]                __EEPROM_REGION_LENGTH__ = DEFINED (__EEPROM_REGION_LENGTH__)?__EEPROM_REGION_LENGTH__:0x10000
                [0x00000006]                __FUSE_REGION_LENGTH__ = DEFINED (__FUSE_REGION_LENGTH__)?__FUSE_REGION_LENGTH__:0x400
                0x00000400                __LOCK_REGION_LENGTH__ = DEFINED (__LOCK_REGION_LENGTH__)?__LOCK_REGION_LENGTH__:0x400
                0x00000400                __SIGNATURE_REGION_LENGTH__ = DEFINED (__SIGNATURE_REGION_LENGTH__)?__SIGNATURE_REGION_LENGTH__:0x400
                0x00000400                __USER_SIGNATURE_REGION_LENGTH__ = DEFINED (__USER_SIGNATURE_REGION_LENGTH__)?__USER_SIGNATURE_REGION_LENGTH__:0x400

.hash
 *(.hash)

.dynsym
 *(.dynsym)

.dynstr
 *(.dynstr)

.gnu.version
 *(.gnu.version)

.gnu.version_d
 *(.gnu.version_d)

.gnu.version_r
 *(.gnu.version_r)

.rel.init
 *(.rel.init)

.rela.init
 *(.rela.init)

.rel.text
 *(.rel.text)
 *(.rel.text.*)
 *(.rel.gnu.linkonce.t*)

.rela.text
 *(.rela.text)
 *(.rela.text.*)
 *(.rela.gnu.linkonce.t*)

.rel.fini
 *(.rel.fini)

.rela.fini
 *(.rela.fini)

.rel.rodata
 *(.rel.rodata)
 *(.rel.rodata.*)
 *(.rel.gnu.linkonce.r*)

.rela.rodata
 *(.rela.rodata)
 *(.rela.rodata.*)
 *(.rela.gnu.linkonce.r*)

.rel.data
 *(.rel.data)
 *(.rel.data.*)
 *(.rel.gnu.linkonce.d*)

.rela.data
 *(.rela.data)
 *(.rela.data.*)
 *(.rela.gnu.linkonce.d*)

.rel.ctors
 *(.rel.ctors)

.rela.ctors
 *(.rela.ctors)

.rel.dtors
 *(.rel.dtors)

.rela.dtors
 *(.rela.dtors)

.rel.got
 *(.rel.got)

.rela.got
 *(.rela.got)

.rel.bss
 *(.rel.bss)

.rela.bss
 *(.rela.bss)

.rel.plt
 *(.rel.plt)

.rela.plt
 *(.rela.plt)

.text           0x00000000     0x27a8
 *(.vectors)
 .vectors       0x00000000      0x1fc C:/Program Files (x86)/Atmel/Studio/7.0/Packs/atmel/XMEGAA_DFP/1.2.141/gcc/dev/atxmega256a3bu/avrxmega6/crtatxmega256a3bu.o
                0x00000000                __vector_default
                0x00000000                __vectors
 *(.vectors)
 *(.progmem.gcc*)
                0x000001fc                . = ALIGN (0x2)
                0x000001fc                __trampolines_start = .
 *(.trampolines)
 .trampolines   0x000001fc        0x0 linker stubs
 *(.trampolines*)
                0x000001fc                __trampolines_end = .
 *libprintf_flt.a:*(.progmem.data)
 *libc.a:*(.progmem.data)
 *(.progmem*)
 .progmem.data.sysfont_glyphs
                0x000001fc      0x292 src/ASF/common/services/gfx_mono/sysfont.o
                0x0000048e                . = ALIGN (0x2)
 *(.jumptables)
 *(.jumptables*)
 *(.lowtext)
 *(.lowtext*)
                0x0000048e                __ctors_start = .
 *(.ctors)
                0x0000048e                __ctors_end = .
                0x0000048e                __dtors_start = .
 *(.dtors)
                0x0000048e                __dtors_end = .
 SORT(*)(.ctors)
 SORT(*)(.dtors)
 *(.init0)
 .init0         0x0000048e        0x0 C:/Program Files (x86)/Atmel/Studio/7.0/Packs/atmel/XMEGAA_DFP/1.2.141/gcc/dev/atxmega256a3bu/avrxmega6/crtatxmega256a3bu.o
                0x0000048e                __init
 *(.init0)
 *(.init1)
 *(.init1)
 *(.init2)
 .init2         0x0000048e       0x10 C:/Program Files (x86)/Atmel/Studio/7.0/Packs/atmel/XMEGAA_DFP/1.2.141/gcc/dev/atxmega256a3bu/avrxmega6/crtatxmega256a3bu.o
 *(.init2)
 *(.init3)
 *(.init3)
 *(.init4)
 .init4         0x0000049e       0x1a c:/program files (x86)/atmel/studio/7.0/toolchain/avr8/avr8-gnu-toolchain/bin/../lib/gcc/avr/5.4.0/avrxmega6\libgcc.a(_copy_data.o)
                0x0000049e                __do_copy_data
 .init4         0x000004b8       0x10 c:/program files (x86)/atmel/studio/7.0/toolchain/avr8/avr8-gnu-toolchain/bin/../lib/gcc/avr/5.4.0/avrxmega6\libgcc.a(_clear_bss.o)
                0x000004b8                __do_clear_bss
 *(.init4)
 *(.init5)
 *(.init5)
 *(.init6)
 *(.init6)
 *(.init7)
 *(.init7)
 *(.init8)
 *(.init8)
 *(.init9)
 .init9         0x000004c8        0x8 C:/Program Files (x86)/Atmel/Studio/7.0/Packs/atmel/XMEGAA_DFP/1.2.141/gcc/dev/atxmega256a3bu/avrxmega6/crtatxmega256a3bu.o
 *(.init9)
 *(.text)
 .text          0x000004d0        0x2 C:/Program Files (x86)/Atmel/Studio/7.0/Packs/atmel/XMEGAA_DFP/1.2.141/gcc/dev/atxmega256a3bu/avrxmega6/crtatxmega256a3bu.o
                0x000004d0                __vector_38
                0x000004d0                __vector_104
                0x000004d0                __vector_22
                0x000004d0                __vector_63
                0x000004d0                __vector_28
                0x000004d0                __vector_67
                0x000004d0                __vector_1
                0x000004d0                __vector_119
                0x000004d0                __vector_32
                0x000004d0                __vector_75
                0x000004d0                __vector_91
                0x000004d0                __vector_34
                0x000004d0                __vector_62
                0x000004d0                __vector_77
                0x000004d0                __vector_102
                0x000004d0                __vector_24
                0x000004d0                __vector_12
                0x000004d0                __vector_55
                0x000004d0                __vector_69
                0x000004d0                __vector_81
                0x000004d0                __vector_90
                0x000004d0                __vector_46
                0x000004d0                __bad_interrupt
                0x000004d0                __vector_122
                0x000004d0                __vector_114
                0x000004d0                __vector_6
                0x000004d0                __vector_110
                0x000004d0                __vector_31
                0x000004d0                __vector_92
                0x000004d0                __vector_35
                0x000004d0                __vector_78
                0x000004d0                __vector_117
                0x000004d0                __vector_107
                0x000004d0                __vector_3
                0x000004d0                __vector_105
                0x000004d0                __vector_98
                0x000004d0                __vector_23
                0x000004d0                __vector_68
                0x000004d0                __vector_30
                0x000004d0                __vector_45
                0x000004d0                __vector_25
                0x000004d0                __vector_93
                0x000004d0                __vector_61
                0x000004d0                __vector_11
                0x000004d0                __vector_54
                0x000004d0                __vector_99
                0x000004d0                __vector_13
                0x000004d0                __vector_17
                0x000004d0                __vector_19
                0x000004d0                __vector_56
                0x000004d0                __vector_7
                0x000004d0                __vector_125
                0x000004d0                __vector_49
                0x000004d0                __vector_123
                0x000004d0                __vector_86
                0x000004d0                __vector_100
                0x000004d0                __vector_101
                0x000004d0                __vector_64
                0x000004d0                __vector_88
                0x000004d0                __vector_109
                0x000004d0                __vector_43
                0x000004d0                __vector_27
                0x000004d0                __vector_5
                0x000004d0                __vector_113
                0x000004d0                __vector_33
                0x000004d0                __vector_76
                0x000004d0                __vector_115
                0x000004d0                __vector_47
                0x000004d0                __vector_52
                0x000004d0                __vector_37
                0x000004d0                __vector_95
                0x000004d0                __vector_103
                0x000004d0                __vector_96
                0x000004d0                __vector_89
                0x000004d0                __vector_108
                0x000004d0                __vector_4
                0x000004d0                __vector_44
                0x000004d0                __vector_82
                0x000004d0                __vector_106
                0x000004d0                __vector_118
                0x000004d0                __vector_51
                0x000004d0                __vector_9
                0x000004d0                __vector_2
                0x000004d0                __vector_21
                0x000004d0                __vector_15
                0x000004d0                __vector_66
                0x000004d0                __vector_36
                0x000004d0                __vector_79
                0x000004d0                __vector_58
                0x000004d0                __vector_70
                0x000004d0                __vector_83
                0x000004d0                __vector_29
                0x000004d0                __vector_60
                0x000004d0                __vector_121
                0x000004d0                __vector_85
                0x000004d0                __vector_94
                0x000004d0                __vector_126
                0x000004d0                __vector_8
                0x000004d0                __vector_26
                0x000004d0                __vector_48
                0x000004d0                __vector_124
                0x000004d0                __vector_116
                0x000004d0                __vector_112
                0x000004d0                __vector_111
                0x000004d0                __vector_80
                0x000004d0                __vector_14
                0x000004d0                __vector_84
                0x000004d0                __vector_57
                0x000004d0                __vector_53
                0x000004d0                __vector_10
                0x000004d0                __vector_50
                0x000004d0                __vector_16
                0x000004d0                __vector_59
                0x000004d0                __vector_18
                0x000004d0                __vector_97
                0x000004d0                __vector_20
                0x000004d0                __vector_87
                0x000004d0                __vector_65
                0x000004d0                __vector_120
                0x000004d2                . = ALIGN (0x2)
 *(.text.*)
 .text.adc_handler
                0x000004d2       0xd0 adc_sensors/adc_sensors.o
                0x000004d2                adc_handler
 .text.ntc_data_is_ready
                0x000005a2       0x2c adc_sensors/adc_sensors.o
                0x000005a2                ntc_data_is_ready
 .text.lightsensor_data_is_ready
                0x000005ce       0x2c adc_sensors/adc_sensors.o
                0x000005ce                lightsensor_data_is_ready
 .text.adc_sensors_init
                0x000005fa       0xa4 adc_sensors/adc_sensors.o
                0x000005fa                adc_sensors_init
 .text.ntc_get_temperature
                0x0000069e       0x60 adc_sensors/adc_sensors.o
                0x0000069e                ntc_get_temperature
 .text.lightsensor_get_raw_value
                0x000006fe        0xa adc_sensors/adc_sensors.o
                0x000006fe                lightsensor_get_raw_value
 .text.__portable_avr_delay_cycles
                0x00000708       0x16 src/ASF/common/components/display/st7565r/st7565r.o
 .text.st7565r_init
                0x0000071e      0x388 src/ASF/common/components/display/st7565r/st7565r.o
                0x0000071e                st7565r_init
 .text.gfx_mono_st7565r_put_byte
                0x00000aa6      0x14e src/ASF/common/services/gfx_mono/gfx_mono_c12832_a1z.o
                0x00000aa6                gfx_mono_st7565r_put_byte
 .text.gfx_mono_st7565r_init
                0x00000bf4       0x84 src/ASF/common/services/gfx_mono/gfx_mono_c12832_a1z.o
                0x00000bf4                gfx_mono_st7565r_init
 .text.gfx_mono_st7565r_draw_pixel
                0x00000c78       0x6c src/ASF/common/services/gfx_mono/gfx_mono_c12832_a1z.o
                0x00000c78                gfx_mono_st7565r_draw_pixel
 .text.gfx_mono_st7565r_get_byte
                0x00000ce4        0x4 src/ASF/common/services/gfx_mono/gfx_mono_c12832_a1z.o
                0x00000ce4                gfx_mono_st7565r_get_byte
 .text.usart_spi_set_baudrate
                0x00000ce8       0x64 src/ASF/xmega/drivers/usart/usart.o
                0x00000ce8                usart_spi_set_baudrate
 .text.usart_init_spi
                0x00000d4c      0x3c8 src/ASF/xmega/drivers/usart/usart.o
                0x00000d4c                usart_init_spi
 .text.usart_spi_init
                0x00001114       0x5e src/ASF/common/services/spi/xmega_usart_spi/usart_spi.o
                0x00001114                usart_spi_init
 .text.usart_spi_setup_device
                0x00001172       0x34 src/ASF/common/services/spi/xmega_usart_spi/usart_spi.o
                0x00001172                usart_spi_setup_device
 .text.usart_spi_select_device
                0x000011a6       0x2c src/ASF/common/services/spi/xmega_usart_spi/usart_spi.o
                0x000011a6                usart_spi_select_device
 .text.usart_spi_deselect_device
                0x000011d2       0x2c src/ASF/common/services/spi/xmega_usart_spi/usart_spi.o
                0x000011d2                usart_spi_deselect_device
 .text.gfx_mono_set_framebuffer
                0x000011fe        0xa src/ASF/common/services/gfx_mono/gfx_mono_framebuffer.o
                0x000011fe                gfx_mono_set_framebuffer
 .text.gfx_mono_framebuffer_put_byte
                0x00001208       0x1c src/ASF/common/services/gfx_mono/gfx_mono_framebuffer.o
                0x00001208                gfx_mono_framebuffer_put_byte
 .text.gfx_mono_framebuffer_get_byte
                0x00001224       0x1c src/ASF/common/services/gfx_mono/gfx_mono_framebuffer.o
                0x00001224                gfx_mono_framebuffer_get_byte
 .text.gfx_mono_generic_draw_horizontal_line
                0x00001240       0xc4 src/ASF/common/services/gfx_mono/gfx_mono_generic.o
                0x00001240                gfx_mono_generic_draw_horizontal_line
 .text.gfx_mono_generic_draw_filled_rect
                0x00001304       0x34 src/ASF/common/services/gfx_mono/gfx_mono_generic.o
                0x00001304                gfx_mono_generic_draw_filled_rect
 .text.gfx_mono_draw_char
                0x00001338       0xba src/ASF/common/services/gfx_mono/gfx_mono_text.o
                0x00001338                gfx_mono_draw_char
 .text.gfx_mono_draw_string
                0x000013f2       0x52 src/ASF/common/services/gfx_mono/gfx_mono_text.o
                0x000013f2                gfx_mono_draw_string
 .text.adc_set_callback
                0x00001444       0x40 src/ASF/xmega/drivers/adc/adc.o
                0x00001444                adc_set_callback
 .text.adc_enable_clock
                0x00001484       0x3e src/ASF/xmega/drivers/adc/adc.o
                0x00001484                adc_enable_clock
 .text.adc_disable_clock
                0x000014c2       0x3a src/ASF/xmega/drivers/adc/adc.o
                0x000014c2                adc_disable_clock
 .text.adc_enable
                0x000014fc       0x58 src/ASF/xmega/drivers/adc/adc.o
                0x000014fc                adc_enable
 .text.__vector_71
                0x00001554       0x64 src/ASF/xmega/drivers/adc/xmega_aau/adc_aau.o
                0x00001554                __vector_71
 .text.__vector_72
                0x000015b8       0x64 src/ASF/xmega/drivers/adc/xmega_aau/adc_aau.o
                0x000015b8                __vector_72
 .text.__vector_73
                0x0000161c       0x64 src/ASF/xmega/drivers/adc/xmega_aau/adc_aau.o
                0x0000161c                __vector_73
 .text.__vector_74
                0x00001680       0x64 src/ASF/xmega/drivers/adc/xmega_aau/adc_aau.o
                0x00001680                __vector_74
 .text.__vector_39
                0x000016e4       0x64 src/ASF/xmega/drivers/adc/xmega_aau/adc_aau.o
                0x000016e4                __vector_39
 .text.__vector_40
                0x00001748       0x64 src/ASF/xmega/drivers/adc/xmega_aau/adc_aau.o
                0x00001748                __vector_40
 .text.__vector_41
                0x000017ac       0x64 src/ASF/xmega/drivers/adc/xmega_aau/adc_aau.o
                0x000017ac                __vector_41
 .text.__vector_42
                0x00001810       0x64 src/ASF/xmega/drivers/adc/xmega_aau/adc_aau.o
                0x00001810                __vector_42
 .text.adc_write_configuration
                0x00001874       0xcc src/ASF/xmega/drivers/adc/xmega_aau/adc_aau.o
                0x00001874                adc_write_configuration
 .text.adc_read_configuration
                0x00001940       0x72 src/ASF/xmega/drivers/adc/xmega_aau/adc_aau.o
                0x00001940                adc_read_configuration
 .text.adcch_write_configuration
                0x000019b2       0x96 src/ASF/xmega/drivers/adc/xmega_aau/adc_aau.o
                0x000019b2                adcch_write_configuration
 .text.adcch_read_configuration
                0x00001a48       0x96 src/ASF/xmega/drivers/adc/xmega_aau/adc_aau.o
                0x00001a48                adcch_read_configuration
 .text.sysclk_enable_module
                0x00001ade       0x2c src/ASF/common/services/clock/xmega/sysclk.o
                0x00001ade                sysclk_enable_module
 .text.sysclk_disable_module
                0x00001b0a       0x2a src/ASF/common/services/clock/xmega/sysclk.o
                0x00001b0a                sysclk_disable_module
 .text.nvm_read_byte
                0x00001b34       0x14 src/ASF/xmega/drivers/nvm/nvm_asm.o
                0x00001b34                nvm_read_byte
 .text.ioport_configure_port_pin
                0x00001b48       0x4e src/ASF/common/services/ioport/xmega/ioport_compat.o
                0x00001b48                ioport_configure_port_pin
 .text.board_init
                0x00001b96      0x13a src/ASF/xmega/boards/xmega_a3bu_xplained/init.o
                0x00001b96                board_init
 .text.__portable_avr_delay_cycles
                0x00001cd0       0x16 src/main.o
 .text.main     0x00001ce6      0x1b2 src/main.o
                0x00001ce6                main
 .text.libgcc.div
                0x00001e98       0x44 c:/program files (x86)/atmel/studio/7.0/toolchain/avr8/avr8-gnu-toolchain/bin/../lib/gcc/avr/5.4.0/avrxmega6\libgcc.a(_udivmodsi4.o)
                0x00001e98                __udivmodsi4
 .text.avr-libc.fplib
                0x00001edc        0xa c:/program files (x86)/atmel/studio/7.0/toolchain/avr8/avr8-gnu-toolchain/bin/../lib/gcc/avr/5.4.0/../../../../avr/lib/avrxmega6\libm.a(addsf3.o)
                0x00001edc                __subsf3
                0x00001ede                __addsf3
 .text.avr-libc.fplib
                0x00001ee6       0xc0 c:/program files (x86)/atmel/studio/7.0/toolchain/avr8/avr8-gnu-toolchain/bin/../lib/gcc/avr/5.4.0/../../../../avr/lib/avrxmega6\libm.a(addsf3x.o)
                0x00001f00                __addsf3x
 .text.avr-libc.fplib
                0x00001fa6        0xa c:/program files (x86)/atmel/studio/7.0/toolchain/avr8/avr8-gnu-toolchain/bin/../lib/gcc/avr/5.4.0/../../../../avr/lib/avrxmega6\libm.a(fixsfsi.o)
                0x00001fa6                __fixsfsi
 .text.avr-libc.fplib
                0x00001fb0       0x58 c:/program files (x86)/atmel/studio/7.0/toolchain/avr8/avr8-gnu-toolchain/bin/../lib/gcc/avr/5.4.0/../../../../avr/lib/avrxmega6\libm.a(fixunssfsi.o)
                0x00001fb0                __fixunssfsi
 .text.avr-libc.fplib
                0x00002008       0x7a c:/program files (x86)/atmel/studio/7.0/toolchain/avr8/avr8-gnu-toolchain/bin/../lib/gcc/avr/5.4.0/../../../../avr/lib/avrxmega6\libm.a(floatsisf.o)
                0x00002008                __floatunsisf
                0x0000200c                __floatsisf
 .text.avr-libc.fplib
                0x00002082        0xc c:/program files (x86)/atmel/studio/7.0/toolchain/avr8/avr8-gnu-toolchain/bin/../lib/gcc/avr/5.4.0/../../../../avr/lib/avrxmega6\libm.a(fp_inf.o)
                0x00002082                __fp_inf
 .text.avr-libc.fplib
                0x0000208e        0x6 c:/program files (x86)/atmel/studio/7.0/toolchain/avr8/avr8-gnu-toolchain/bin/../lib/gcc/avr/5.4.0/../../../../avr/lib/avrxmega6\libm.a(fp_nan.o)
                0x0000208e                __fp_nan
 .text.avr-libc.fplib
                0x00002094        0xe c:/program files (x86)/atmel/studio/7.0/toolchain/avr8/avr8-gnu-toolchain/bin/../lib/gcc/avr/5.4.0/../../../../avr/lib/avrxmega6\libm.a(fp_pscA.o)
                0x00002094                __fp_pscA
 .text.avr-libc.fplib
                0x000020a2        0xe c:/program files (x86)/atmel/studio/7.0/toolchain/avr8/avr8-gnu-toolchain/bin/../lib/gcc/avr/5.4.0/../../../../avr/lib/avrxmega6\libm.a(fp_pscB.o)
                0x000020a2                __fp_pscB
 .text.avr-libc.fplib
                0x000020b0       0x22 c:/program files (x86)/atmel/studio/7.0/toolchain/avr8/avr8-gnu-toolchain/bin/../lib/gcc/avr/5.4.0/../../../../avr/lib/avrxmega6\libm.a(fp_round.o)
                0x000020b0                __fp_round
 .text.avr-libc.fplib
                0x000020d2       0x44 c:/program files (x86)/atmel/studio/7.0/toolchain/avr8/avr8-gnu-toolchain/bin/../lib/gcc/avr/5.4.0/../../../../avr/lib/avrxmega6\libm.a(fp_split3.o)
                0x000020d2                __fp_split3
                0x000020e2                __fp_splitA
 .text.avr-libc.fplib
                0x00002116        0xe c:/program files (x86)/atmel/studio/7.0/toolchain/avr8/avr8-gnu-toolchain/bin/../lib/gcc/avr/5.4.0/../../../../avr/lib/avrxmega6\libm.a(fp_zero.o)
                0x00002116                __fp_zero
                0x00002118                __fp_szero
 .text.avr-libc.fplib
                0x00002124        0x4 c:/program files (x86)/atmel/studio/7.0/toolchain/avr8/avr8-gnu-toolchain/bin/../lib/gcc/avr/5.4.0/../../../../avr/lib/avrxmega6\libm.a(mulsf3.o)
                0x00002124                __mulsf3
 .text.avr-libc.fplib
                0x00002128       0xc2 c:/program files (x86)/atmel/studio/7.0/toolchain/avr8/avr8-gnu-toolchain/bin/../lib/gcc/avr/5.4.0/../../../../avr/lib/avrxmega6\libm.a(mulsf3x.o)
                0x0000213c                __mulsf3x
                0x00002140                __mulsf3_pse
 .text.avr-libc
                0x000021ea       0x6c c:/program files (x86)/atmel/studio/7.0/toolchain/avr8/avr8-gnu-toolchain/bin/../lib/gcc/avr/5.4.0/../../../../avr/lib/avrxmega6\libc.a(snprintf.o)
                0x000021ea                snprintf
 .text.avr-libc
                0x00002256      0x3ee c:/program files (x86)/atmel/studio/7.0/toolchain/avr8/avr8-gnu-toolchain/bin/../lib/gcc/avr/5.4.0/../../../../avr/lib/avrxmega6\libc.a(vfprintf_std.o)
                0x00002256                vfprintf
 .text.avr-libc
                0x00002644       0x16 c:/program files (x86)/atmel/studio/7.0/toolchain/avr8/avr8-gnu-toolchain/bin/../lib/gcc/avr/5.4.0/../../../../avr/lib/avrxmega6\libc.a(strnlen_P.o)
                0x00002644                strnlen_P
 .text.avr-libc
                0x0000265a       0x16 c:/program files (x86)/atmel/studio/7.0/toolchain/avr8/avr8-gnu-toolchain/bin/../lib/gcc/avr/5.4.0/../../../../avr/lib/avrxmega6\libc.a(strnlen.o)
                0x0000265a                strnlen
 .text.avr-libc
                0x00002670       0x78 c:/program files (x86)/atmel/studio/7.0/toolchain/avr8/avr8-gnu-toolchain/bin/../lib/gcc/avr/5.4.0/../../../../avr/lib/avrxmega6\libc.a(fputc.o)
                0x00002670                fputc
 .text.avr-libc
                0x000026e8       0xbc c:/program files (x86)/atmel/studio/7.0/toolchain/avr8/avr8-gnu-toolchain/bin/../lib/gcc/avr/5.4.0/../../../../avr/lib/avrxmega6\libc.a(ultoa_invert.o)
                0x000026e8                __ultoa_invert
                0x000027a4                . = ALIGN (0x2)
 *(.fini9)
 .fini9         0x000027a4        0x0 c:/program files (x86)/atmel/studio/7.0/toolchain/avr8/avr8-gnu-toolchain/bin/../lib/gcc/avr/5.4.0/avrxmega6\libgcc.a(_exit.o)
                0x000027a4                _exit
                0x000027a4                exit
 *(.fini9)
 *(.fini8)
 *(.fini8)
 *(.fini7)
 *(.fini7)
 *(.fini6)
 *(.fini6)
 *(.fini5)
 *(.fini5)
 *(.fini4)
 *(.fini4)
 *(.fini3)
 *(.fini3)
 *(.fini2)
 *(.fini2)
 *(.fini1)
 *(.fini1)
 *(.fini0)
 .fini0         0x000027a4        0x4 c:/program files (x86)/atmel/studio/7.0/toolchain/avr8/avr8-gnu-toolchain/bin/../lib/gcc/avr/5.4.0/avrxmega6\libgcc.a(_exit.o)
 *(.fini0)
                0x000027a8                _etext = .

.data           0x00802000       0x6a load address 0x000027a8
                0x00802000                PROVIDE (__data_start, .)
 *(.data)
 *(.data*)
 .data.sysfont  0x00802000        0x7 src/ASF/common/services/gfx_mono/sysfont.o
                0x00802000                sysfont
 *(.gnu.linkonce.d*)
 *(.rodata)
 *(.rodata*)
 .rodata.str1.1
                0x00802007       0x63 src/main.o
                                 0x6f (size before relaxing)
 *(.gnu.linkonce.r*)
                0x0080206a                . = ALIGN (0x2)
                0x0080206a                _edata = .
                0x0080206a                PROVIDE (__data_end, .)

.bss            0x0080206a      0x296
                0x0080206a                PROVIDE (__bss_start, .)
 *(.bss)
 *(.bss*)
 .bss.ntc_sensor_samples.4861
                0x0080206a        0x1 adc_sensors/adc_sensors.o
 .bss.light_sensor_samples.4860
                0x0080206b        0x1 adc_sensors/adc_sensors.o
 .bss.light_sensor_sample
                0x0080206c        0x2 adc_sensors/adc_sensors.o
                0x0080206c                light_sensor_sample
 .bss.ntc_sensor_sample
                0x0080206e        0x2 adc_sensors/adc_sensors.o
                0x0080206e                ntc_sensor_sample
 .bss.light_sensor_data_ready
                0x00802070        0x1 adc_sensors/adc_sensors.o
                0x00802070                light_sensor_data_ready
 .bss.ntc_sensor_data_ready
                0x00802071        0x1 adc_sensors/adc_sensors.o
                0x00802071                ntc_sensor_data_ready
 .bss.framebuffer
                0x00802072      0x200 src/ASF/common/services/gfx_mono/gfx_mono_c12832_a1z.o
 .bss.fbpointer
                0x00802272        0x2 src/ASF/common/services/gfx_mono/gfx_mono_framebuffer.o
 .bss.adcb_enable_count
                0x00802274        0x1 src/ASF/xmega/drivers/adc/adc.o
 .bss.adca_enable_count
                0x00802275        0x1 src/ASF/xmega/drivers/adc/adc.o
 .bss.strbuf    0x00802276       0x80 src/main.o
 *(COMMON)
 COMMON         0x008022f6        0x4 src/ASF/xmega/drivers/adc/adc.o
                0x008022f6                adcb_callback
                0x008022f8                adca_callback
 COMMON         0x008022fa        0x6 src/ASF/common/services/sleepmgr/xmega/sleepmgr.o
                0x008022fa                sleepmgr_locks
                0x00802300                PROVIDE (__bss_end, .)
                0x000027a8                __data_load_start = LOADADDR (.data)
                0x00002812                __data_load_end = (__data_load_start + SIZEOF (.data))

.noinit         0x00802300        0x0
                [!provide]                PROVIDE (__noinit_start, .)
 *(.noinit*)
                [!provide]                PROVIDE (__noinit_end, .)
                0x00802300                _end = .
                [!provide]                PROVIDE (__heap_start, .)

.eeprom         0x00810000        0x0
 *(.eeprom*)
                0x00810000                __eeprom_end = .

.fuse
 *(.fuse)
 *(.lfuse)
 *(.hfuse)
 *(.efuse)

.lock
 *(.lock*)

.signature
 *(.signature*)

.user_signatures
 *(.user_signatures*)

.stab
 *(.stab)

.stabstr
 *(.stabstr)

.stab.excl
 *(.stab.excl)

.stab.exclstr
 *(.stab.exclstr)

.stab.index
 *(.stab.index)

.stab.indexstr
 *(.stab.indexstr)

.comment        0x00000000       0x5c
 *(.comment)
 .comment       0x00000000       0x30 adc_sensors/adc_sensors.o
                                 0x31 (size before relaxing)
 .comment       0x00000030       0x31 src/ASF/common/components/display/st7565r/st7565r.o
 .comment       0x00000030       0x31 src/ASF/common/services/gfx_mono/gfx_mono_c12832_a1z.o
 .comment       0x00000030       0x31 src/ASF/xmega/drivers/usart/usart.o
 .comment       0x00000030       0x31 src/ASF/common/services/spi/xmega_usart_spi/usart_spi.o
 .comment       0x00000030       0x31 src/ASF/common/services/gfx_mono/gfx_mono_framebuffer.o
 .comment       0x00000030       0x31 src/ASF/common/services/gfx_mono/gfx_mono_generic.o
 .comment       0x00000030       0x31 src/ASF/common/services/gfx_mono/gfx_mono_text.o
 .comment       0x00000030       0x31 src/ASF/common/services/gfx_mono/sysfont.o
 .comment       0x00000030       0x31 src/ASF/xmega/drivers/adc/adc.o
 .comment       0x00000030       0x31 src/ASF/xmega/drivers/adc/xmega_aau/adc_aau.o
 .comment       0x00000030       0x31 src/ASF/common/services/sleepmgr/xmega/sleepmgr.o
 .comment       0x00000030       0x31 src/ASF/common/services/clock/xmega/sysclk.o
 .comment       0x00000030       0x31 src/ASF/common/services/ioport/xmega/ioport_compat.o
 .comment       0x00000030       0x31 src/ASF/xmega/boards/xmega_a3bu_xplained/init.o
 .comment       0x00000030       0x31 src/main.o
 .comment       0x00000030       0x31 c:/program files (x86)/atmel/studio/7.0/toolchain/avr8/avr8-gnu-toolchain/bin/../lib/gcc/avr/5.4.0/../../../../avr/lib/avrxmega6\libc.a(snprintf.o)
 .comment       0x00000030       0x2c c:/program files (x86)/atmel/studio/7.0/toolchain/avr8/avr8-gnu-toolchain/bin/../lib/gcc/avr/5.4.0/../../../../avr/lib/avrxmega6\libc.a(vfprintf_std.o)
                                 0x2d (size before relaxing)
 .comment       0x0000005c       0x31 c:/program files (x86)/atmel/studio/7.0/toolchain/avr8/avr8-gnu-toolchain/bin/../lib/gcc/avr/5.4.0/../../../../avr/lib/avrxmega6\libc.a(fputc.o)

.note.gnu.avr.deviceinfo
                0x00000000       0x44
 .note.gnu.avr.deviceinfo
                0x00000000       0x44 C:/Program Files (x86)/Atmel/Studio/7.0/Packs/atmel/XMEGAA_DFP/1.2.141/gcc/dev/atxmega256a3bu/avrxmega6/crtatxmega256a3bu.o

.note.gnu.build-id
 *(.note.gnu.build-id)

.debug
 *(.debug)

.line
 *(.line)

.debug_srcinfo
 *(.debug_srcinfo)

.debug_sfnames
 *(.debug_sfnames)

.debug_aranges  0x00000000      0x428
 *(.debug_aranges)
 .debug_aranges
                0x00000000       0x50 adc_sensors/adc_sensors.o
 .debug_aranges
                0x00000050       0x28 src/ASF/common/components/display/st7565r/st7565r.o
 .debug_aranges
                0x00000078       0x60 src/ASF/common/services/gfx_mono/gfx_mono_c12832_a1z.o
 .debug_aranges
                0x000000d8       0x58 src/ASF/xmega/drivers/usart/usart.o
 .debug_aranges
                0x00000130       0x48 src/ASF/common/services/spi/xmega_usart_spi/usart_spi.o
 .debug_aranges
                0x00000178       0x58 src/ASF/common/services/gfx_mono/gfx_mono_framebuffer.o
 .debug_aranges
                0x000001d0       0x58 src/ASF/common/services/gfx_mono/gfx_mono_generic.o
 .debug_aranges
                0x00000228       0x40 src/ASF/common/services/gfx_mono/gfx_mono_text.o
 .debug_aranges
                0x00000268       0x18 src/ASF/common/services/gfx_mono/sysfont.o
 .debug_aranges
                0x00000280       0x48 src/ASF/xmega/drivers/adc/adc.o
 .debug_aranges
                0x000002c8       0x78 src/ASF/xmega/drivers/adc/xmega_aau/adc_aau.o
 .debug_aranges
                0x00000340       0x18 src/ASF/common/services/sleepmgr/xmega/sleepmgr.o
 .debug_aranges
                0x00000358       0x40 src/ASF/common/services/clock/xmega/sysclk.o
 .debug_aranges
                0x00000398       0x28 src/ASF/xmega/drivers/nvm/nvm_asm.o
 .debug_aranges
                0x000003c0       0x20 src/ASF/common/services/ioport/xmega/ioport_compat.o
 .debug_aranges
                0x000003e0       0x20 src/ASF/xmega/boards/xmega_a3bu_xplained/init.o
 .debug_aranges
                0x00000400       0x28 src/main.o

.debug_pubnames
 *(.debug_pubnames)

.debug_info     0x00000000    0x107e8
 *(.debug_info .gnu.linkonce.wi.*)
 .debug_info    0x00000000     0x3379 C:/Program Files (x86)/Atmel/Studio/7.0/Packs/atmel/XMEGAA_DFP/1.2.141/gcc/dev/atxmega256a3bu/avrxmega6/crtatxmega256a3bu.o
 .debug_info    0x00003379     0x1214 adc_sensors/adc_sensors.o
 .debug_info    0x0000458d     0x1964 src/ASF/common/components/display/st7565r/st7565r.o
 .debug_info    0x00005ef1     0x1e01 src/ASF/common/services/gfx_mono/gfx_mono_c12832_a1z.o
 .debug_info    0x00007cf2     0x2933 src/ASF/xmega/drivers/usart/usart.o
 .debug_info    0x0000a625      0xb9d src/ASF/common/services/spi/xmega_usart_spi/usart_spi.o
 .debug_info    0x0000b1c2      0x487 src/ASF/common/services/gfx_mono/gfx_mono_framebuffer.o
 .debug_info    0x0000b649      0xc0a src/ASF/common/services/gfx_mono/gfx_mono_generic.o
 .debug_info    0x0000c253      0x715 src/ASF/common/services/gfx_mono/gfx_mono_text.o
 .debug_info    0x0000c968      0x1af src/ASF/common/services/gfx_mono/sysfont.o
 .debug_info    0x0000cb17      0xa6a src/ASF/xmega/drivers/adc/adc.o
 .debug_info    0x0000d581      0xe75 src/ASF/xmega/drivers/adc/xmega_aau/adc_aau.o
 .debug_info    0x0000e3f6      0x129 src/ASF/common/services/sleepmgr/xmega/sleepmgr.o
 .debug_info    0x0000e51f      0x71c src/ASF/common/services/clock/xmega/sysclk.o
 .debug_info    0x0000ec3b       0x90 src/ASF/xmega/drivers/nvm/nvm_asm.o
 .debug_info    0x0000eccb      0x121 src/ASF/common/services/ioport/xmega/ioport_compat.o
 .debug_info    0x0000edec      0xb05 src/ASF/xmega/boards/xmega_a3bu_xplained/init.o
 .debug_info    0x0000f8f1      0xef7 src/main.o

.debug_abbrev   0x00000000     0x559b
 *(.debug_abbrev)
 .debug_abbrev  0x00000000     0x30c4 C:/Program Files (x86)/Atmel/Studio/7.0/Packs/atmel/XMEGAA_DFP/1.2.141/gcc/dev/atxmega256a3bu/avrxmega6/crtatxmega256a3bu.o
 .debug_abbrev  0x000030c4      0x397 adc_sensors/adc_sensors.o
 .debug_abbrev  0x0000345b      0x2a0 src/ASF/common/components/display/st7565r/st7565r.o
 .debug_abbrev  0x000036fb      0x385 src/ASF/common/services/gfx_mono/gfx_mono_c12832_a1z.o
 .debug_abbrev  0x00003a80      0x3f5 src/ASF/xmega/drivers/usart/usart.o
 .debug_abbrev  0x00003e75      0x2d8 src/ASF/common/services/spi/xmega_usart_spi/usart_spi.o
 .debug_abbrev  0x0000414d      0x174 src/ASF/common/services/gfx_mono/gfx_mono_framebuffer.o
 .debug_abbrev  0x000042c1      0x1ac src/ASF/common/services/gfx_mono/gfx_mono_generic.o
 .debug_abbrev  0x0000446d      0x22b src/ASF/common/services/gfx_mono/gfx_mono_text.o
 .debug_abbrev  0x00004698       0xe2 src/ASF/common/services/gfx_mono/sysfont.o
 .debug_abbrev  0x0000477a      0x2bd src/ASF/xmega/drivers/adc/adc.o
 .debug_abbrev  0x00004a37      0x329 src/ASF/xmega/drivers/adc/xmega_aau/adc_aau.o
 .debug_abbrev  0x00004d60       0x84 src/ASF/common/services/sleepmgr/xmega/sleepmgr.o
 .debug_abbrev  0x00004de4      0x218 src/ASF/common/services/clock/xmega/sysclk.o
 .debug_abbrev  0x00004ffc       0x12 src/ASF/xmega/drivers/nvm/nvm_asm.o
 .debug_abbrev  0x0000500e       0x95 src/ASF/common/services/ioport/xmega/ioport_compat.o
 .debug_abbrev  0x000050a3      0x15c src/ASF/xmega/boards/xmega_a3bu_xplained/init.o
 .debug_abbrev  0x000051ff      0x39c src/main.o

.debug_line     0x00000000     0x919e
 *(.debug_line .debug_line.* .debug_line_end)
 .debug_line    0x00000000      0x39d C:/Program Files (x86)/Atmel/Studio/7.0/Packs/atmel/XMEGAA_DFP/1.2.141/gcc/dev/atxmega256a3bu/avrxmega6/crtatxmega256a3bu.o
 .debug_line    0x0000039d      0x882 adc_sensors/adc_sensors.o
 .debug_line    0x00000c1f      0xac4 src/ASF/common/components/display/st7565r/st7565r.o
 .debug_line    0x000016e3      0xda8 src/ASF/common/services/gfx_mono/gfx_mono_c12832_a1z.o
 .debug_line    0x0000248b      0xc9e src/ASF/xmega/drivers/usart/usart.o
 .debug_line    0x00003129      0x7d7 src/ASF/common/services/spi/xmega_usart_spi/usart_spi.o
 .debug_line    0x00003900      0x919 src/ASF/common/services/gfx_mono/gfx_mono_framebuffer.o
 .debug_line    0x00004219      0xc05 src/ASF/common/services/gfx_mono/gfx_mono_generic.o
 .debug_line    0x00004e1e      0x9a3 src/ASF/common/services/gfx_mono/gfx_mono_text.o
 .debug_line    0x000057c1      0x7c3 src/ASF/common/services/gfx_mono/sysfont.o
 .debug_line    0x00005f84      0x7c6 src/ASF/xmega/drivers/adc/adc.o
 .debug_line    0x0000674a      0x976 src/ASF/xmega/drivers/adc/xmega_aau/adc_aau.o
 .debug_line    0x000070c0      0x458 src/ASF/common/services/sleepmgr/xmega/sleepmgr.o
 .debug_line    0x00007518      0x631 src/ASF/common/services/clock/xmega/sysclk.o
 .debug_line    0x00007b49      0x11f src/ASF/xmega/drivers/nvm/nvm_asm.o
 .debug_line    0x00007c68      0x4b5 src/ASF/common/services/ioport/xmega/ioport_compat.o
 .debug_line    0x0000811d      0x4e0 src/ASF/xmega/boards/xmega_a3bu_xplained/init.o
 .debug_line    0x000085fd      0xba1 src/main.o

.debug_frame    0x00000000      0xe80
 *(.debug_frame)
 .debug_frame   0x00000000       0xd8 adc_sensors/adc_sensors.o
 .debug_frame   0x000000d8       0x68 src/ASF/common/components/display/st7565r/st7565r.o
 .debug_frame   0x00000140      0x1b4 src/ASF/common/services/gfx_mono/gfx_mono_c12832_a1z.o
 .debug_frame   0x000002f4      0x14c src/ASF/xmega/drivers/usart/usart.o
 .debug_frame   0x00000440       0x90 src/ASF/common/services/spi/xmega_usart_spi/usart_spi.o
 .debug_frame   0x000004d0       0xd0 src/ASF/common/services/gfx_mono/gfx_mono_framebuffer.o
 .debug_frame   0x000005a0      0x214 src/ASF/common/services/gfx_mono/gfx_mono_generic.o
 .debug_frame   0x000007b4      0x100 src/ASF/common/services/gfx_mono/gfx_mono_text.o
 .debug_frame   0x000008b4       0xbc src/ASF/xmega/drivers/adc/adc.o
 .debug_frame   0x00000970      0x3e4 src/ASF/xmega/drivers/adc/xmega_aau/adc_aau.o
 .debug_frame   0x00000d54       0x94 src/ASF/common/services/clock/xmega/sysclk.o
 .debug_frame   0x00000de8       0x30 src/ASF/common/services/ioport/xmega/ioport_compat.o
 .debug_frame   0x00000e18       0x24 src/ASF/xmega/boards/xmega_a3bu_xplained/init.o
 .debug_frame   0x00000e3c       0x44 src/main.o

.debug_str      0x00000000    0x3435d
 *(.debug_str)
 .debug_str     0x00000000     0x21e4 C:/Program Files (x86)/Atmel/Studio/7.0/Packs/atmel/XMEGAA_DFP/1.2.141/gcc/dev/atxmega256a3bu/avrxmega6/crtatxmega256a3bu.o
 .debug_str     0x000021e4    0x2ca69 adc_sensors/adc_sensors.o
                              0x2d2e9 (size before relaxing)
 .debug_str     0x0002ec4d     0x14f8 src/ASF/common/components/display/st7565r/st7565r.o
                              0x2d0aa (size before relaxing)
 .debug_str     0x00030145      0xc05 src/ASF/common/services/gfx_mono/gfx_mono_c12832_a1z.o
                              0x2d9ab (size before relaxing)
 .debug_str     0x00030d4a      0x9e8 src/ASF/xmega/drivers/usart/usart.o
                              0x2cfa1 (size before relaxing)
 .debug_str     0x00031732       0x87 src/ASF/common/services/spi/xmega_usart_spi/usart_spi.o
                              0x2c67f (size before relaxing)
 .debug_str     0x000317b9       0xba src/ASF/common/services/gfx_mono/gfx_mono_framebuffer.o
                              0x2d5da (size before relaxing)
 .debug_str     0x00031873      0x213 src/ASF/common/services/gfx_mono/gfx_mono_generic.o
                              0x2d71d (size before relaxing)
 .debug_str     0x00031a86      0x233 src/ASF/common/services/gfx_mono/gfx_mono_text.o
                              0x2d6b1 (size before relaxing)
 .debug_str     0x00031cb9     0x10b0 src/ASF/common/services/gfx_mono/sysfont.o
                              0x2e50e (size before relaxing)
 .debug_str     0x00032d69      0x16c src/ASF/xmega/drivers/adc/adc.o
                              0x2c818 (size before relaxing)
 .debug_str     0x00032ed5      0x4fa src/ASF/xmega/drivers/adc/xmega_aau/adc_aau.o
                              0x2caab (size before relaxing)
 .debug_str     0x000333cf       0x35 src/ASF/common/services/sleepmgr/xmega/sleepmgr.o
                              0x2986d (size before relaxing)
 .debug_str     0x00033404      0x232 src/ASF/common/services/clock/xmega/sysclk.o
                              0x2be9d (size before relaxing)
 .debug_str     0x00033636       0x77 src/ASF/common/services/ioport/xmega/ioport_compat.o
                              0x29b24 (size before relaxing)
 .debug_str     0x000336ad       0xf7 src/ASF/xmega/boards/xmega_a3bu_xplained/init.o
                              0x2b7c5 (size before relaxing)
 .debug_str     0x000337a4      0xbb9 src/main.o
                              0x3005c (size before relaxing)

.debug_loc      0x00000000     0x6dd6
 *(.debug_loc)
 .debug_loc     0x00000000      0x45f adc_sensors/adc_sensors.o
 .debug_loc     0x0000045f      0x7c9 src/ASF/common/components/display/st7565r/st7565r.o
 .debug_loc     0x00000c28     0x1382 src/ASF/common/services/gfx_mono/gfx_mono_c12832_a1z.o
 .debug_loc     0x00001faa      0xe14 src/ASF/xmega/drivers/usart/usart.o
 .debug_loc     0x00002dbe      0x56c src/ASF/common/services/spi/xmega_usart_spi/usart_spi.o
 .debug_loc     0x0000332a      0x61c src/ASF/common/services/gfx_mono/gfx_mono_framebuffer.o
 .debug_loc     0x00003946     0x11c5 src/ASF/common/services/gfx_mono/gfx_mono_generic.o
 .debug_loc     0x00004b0b      0x9a2 src/ASF/common/services/gfx_mono/gfx_mono_text.o
 .debug_loc     0x000054ad      0x2b3 src/ASF/xmega/drivers/adc/adc.o
 .debug_loc     0x00005760      0xd3c src/ASF/xmega/drivers/adc/xmega_aau/adc_aau.o
 .debug_loc     0x0000649c      0x2c5 src/ASF/common/services/clock/xmega/sysclk.o
 .debug_loc     0x00006761       0x66 src/ASF/common/services/ioport/xmega/ioport_compat.o
 .debug_loc     0x000067c7      0x3fa src/ASF/xmega/boards/xmega_a3bu_xplained/init.o
 .debug_loc     0x00006bc1      0x215 src/main.o

.debug_macinfo
 *(.debug_macinfo)

.debug_weaknames
 *(.debug_weaknames)

.debug_funcnames
 *(.debug_funcnames)

.debug_typenames
 *(.debug_typenames)

.debug_varnames
 *(.debug_varnames)

.debug_pubtypes
 *(.debug_pubtypes)

.debug_ranges   0x00000000      0x4f8
 *(.debug_ranges)
 .debug_ranges  0x00000000       0x40 adc_sensors/adc_sensors.o
 .debug_ranges  0x00000040       0x18 src/ASF/common/components/display/st7565r/st7565r.o
 .debug_ranges  0x00000058      0x188 src/ASF/common/services/gfx_mono/gfx_mono_c12832_a1z.o
 .debug_ranges  0x000001e0       0x80 src/ASF/xmega/drivers/usart/usart.o
 .debug_ranges  0x00000260       0x98 src/ASF/common/services/spi/xmega_usart_spi/usart_spi.o
 .debug_ranges  0x000002f8       0x48 src/ASF/common/services/gfx_mono/gfx_mono_framebuffer.o
 .debug_ranges  0x00000340       0x48 src/ASF/common/services/gfx_mono/gfx_mono_generic.o
 .debug_ranges  0x00000388       0x30 src/ASF/common/services/gfx_mono/gfx_mono_text.o
 .debug_ranges  0x000003b8       0x38 src/ASF/xmega/drivers/adc/adc.o
 .debug_ranges  0x000003f0       0x68 src/ASF/xmega/drivers/adc/xmega_aau/adc_aau.o
 .debug_ranges  0x00000458       0x30 src/ASF/common/services/clock/xmega/sysclk.o
 .debug_ranges  0x00000488       0x20 src/ASF/xmega/drivers/nvm/nvm_asm.o
 .debug_ranges  0x000004a8       0x10 src/ASF/common/services/ioport/xmega/ioport_compat.o
 .debug_ranges  0x000004b8       0x10 src/ASF/xmega/boards/xmega_a3bu_xplained/init.o
 .debug_ranges  0x000004c8       0x30 src/main.o

.debug_macro    0x00000000     0xc8d2
 *(.debug_macro)
 .debug_macro   0x00000000      0x245 adc_sensors/adc_sensors.o
 .debug_macro   0x00000245      0xa9c adc_sensors/adc_sensors.o
 .debug_macro   0x00000ce1       0x10 adc_sensors/adc_sensors.o
 .debug_macro   0x00000cf1      0x1c9 adc_sensors/adc_sensors.o
 .debug_macro   0x00000eba      0x2fc adc_sensors/adc_sensors.o
 .debug_macro   0x000011b6       0x9e adc_sensors/adc_sensors.o
 .debug_macro   0x00001254     0x62b7 adc_sensors/adc_sensors.o
 .debug_macro   0x0000750b       0x9a adc_sensors/adc_sensors.o
 .debug_macro   0x000075a5       0xf1 adc_sensors/adc_sensors.o
 .debug_macro   0x00007696       0x34 adc_sensors/adc_sensors.o
 .debug_macro   0x000076ca       0x16 adc_sensors/adc_sensors.o
 .debug_macro   0x000076e0       0x18 adc_sensors/adc_sensors.o
 .debug_macro   0x000076f8       0x5e adc_sensors/adc_sensors.o
 .debug_macro   0x00007756       0x10 adc_sensors/adc_sensors.o
 .debug_macro   0x00007766       0x22 adc_sensors/adc_sensors.o
 .debug_macro   0x00007788      0x16d adc_sensors/adc_sensors.o
 .debug_macro   0x000078f5       0x1c adc_sensors/adc_sensors.o
 .debug_macro   0x00007911       0x35 adc_sensors/adc_sensors.o
 .debug_macro   0x00007946       0x66 adc_sensors/adc_sensors.o
 .debug_macro   0x000079ac      0x71d adc_sensors/adc_sensors.o
 .debug_macro   0x000080c9       0x96 adc_sensors/adc_sensors.o
 .debug_macro   0x0000815f       0x17 adc_sensors/adc_sensors.o
 .debug_macro   0x00008176      0x250 adc_sensors/adc_sensors.o
 .debug_macro   0x000083c6       0x76 adc_sensors/adc_sensors.o
 .debug_macro   0x0000843c       0x16 adc_sensors/adc_sensors.o
 .debug_macro   0x00008452      0x6d9 adc_sensors/adc_sensors.o
 .debug_macro   0x00008b2b       0x10 adc_sensors/adc_sensors.o
 .debug_macro   0x00008b3b      0x175 adc_sensors/adc_sensors.o
 .debug_macro   0x00008cb0       0x40 adc_sensors/adc_sensors.o
 .debug_macro   0x00008cf0       0x69 adc_sensors/adc_sensors.o
 .debug_macro   0x00008d59       0x31 adc_sensors/adc_sensors.o
 .debug_macro   0x00008d8a       0xe4 adc_sensors/adc_sensors.o
 .debug_macro   0x00008e6e       0x10 adc_sensors/adc_sensors.o
 .debug_macro   0x00008e7e       0x20 adc_sensors/adc_sensors.o
 .debug_macro   0x00008e9e       0x10 adc_sensors/adc_sensors.o
 .debug_macro   0x00008eae       0x42 adc_sensors/adc_sensors.o
 .debug_macro   0x00008ef0       0x22 adc_sensors/adc_sensors.o
 .debug_macro   0x00008f12      0x2df adc_sensors/adc_sensors.o
 .debug_macro   0x000091f1      0x2ff adc_sensors/adc_sensors.o
 .debug_macro   0x000094f0       0x79 adc_sensors/adc_sensors.o
 .debug_macro   0x00009569       0x2f adc_sensors/adc_sensors.o
 .debug_macro   0x00009598      0x154 adc_sensors/adc_sensors.o
 .debug_macro   0x000096ec       0xe3 adc_sensors/adc_sensors.o
 .debug_macro   0x000097cf      0x276 src/ASF/common/components/display/st7565r/st7565r.o
 .debug_macro   0x00009a45       0x82 src/ASF/common/components/display/st7565r/st7565r.o
 .debug_macro   0x00009ac7      0x102 src/ASF/common/components/display/st7565r/st7565r.o
 .debug_macro   0x00009bc9       0x28 src/ASF/common/components/display/st7565r/st7565r.o
 .debug_macro   0x00009bf1       0x22 src/ASF/common/components/display/st7565r/st7565r.o
 .debug_macro   0x00009c13       0x3a src/ASF/common/components/display/st7565r/st7565r.o
 .debug_macro   0x00009c4d       0xf6 src/ASF/common/components/display/st7565r/st7565r.o
 .debug_macro   0x00009d43       0x34 src/ASF/common/components/display/st7565r/st7565r.o
 .debug_macro   0x00009d77       0x2e src/ASF/common/components/display/st7565r/st7565r.o
 .debug_macro   0x00009da5      0x2ba src/ASF/common/services/gfx_mono/gfx_mono_c12832_a1z.o
 .debug_macro   0x0000a05f       0x75 src/ASF/common/services/gfx_mono/gfx_mono_c12832_a1z.o
 .debug_macro   0x0000a0d4       0x88 src/ASF/common/services/gfx_mono/gfx_mono_c12832_a1z.o
 .debug_macro   0x0000a15c      0x221 src/ASF/xmega/drivers/usart/usart.o
 .debug_macro   0x0000a37d      0x302 src/ASF/xmega/drivers/usart/usart.o
 .debug_macro   0x0000a67f      0x234 src/ASF/common/services/spi/xmega_usart_spi/usart_spi.o
 .debug_macro   0x0000a8b3      0x2ae src/ASF/common/services/gfx_mono/gfx_mono_framebuffer.o
 .debug_macro   0x0000ab61      0x2ae src/ASF/common/services/gfx_mono/gfx_mono_generic.o
 .debug_macro   0x0000ae0f      0x2d5 src/ASF/common/services/gfx_mono/gfx_mono_text.o
 .debug_macro   0x0000b0e4       0xaa src/ASF/common/services/gfx_mono/gfx_mono_text.o
 .debug_macro   0x0000b18e      0x2db src/ASF/common/services/gfx_mono/sysfont.o
 .debug_macro   0x0000b469       0x3a src/ASF/common/services/gfx_mono/sysfont.o
 .debug_macro   0x0000b4a3      0x22f src/ASF/xmega/drivers/adc/adc.o
 .debug_macro   0x0000b6d2      0x22f src/ASF/xmega/drivers/adc/xmega_aau/adc_aau.o
 .debug_macro   0x0000b901      0x1a3 src/ASF/common/services/sleepmgr/xmega/sleepmgr.o
 .debug_macro   0x0000baa4      0x1db src/ASF/common/services/clock/xmega/sysclk.o
 .debug_macro   0x0000bc7f       0x26 src/ASF/common/services/clock/xmega/sysclk.o
 .debug_macro   0x0000bca5      0x193 src/ASF/common/services/ioport/xmega/ioport_compat.o
 .debug_macro   0x0000be38      0x1b5 src/ASF/xmega/boards/xmega_a3bu_xplained/init.o
 .debug_macro   0x0000bfed       0x2e src/ASF/xmega/boards/xmega_a3bu_xplained/init.o
 .debug_macro   0x0000c01b      0x2d9 src/ASF/xmega/boards/xmega_a3bu_xplained/init.o
 .debug_macro   0x0000c2f4      0x3d8 src/main.o
 .debug_macro   0x0000c6cc       0x34 src/main.o
 .debug_macro   0x0000c700       0x16 src/main.o
 .debug_macro   0x0000c716       0x46 src/main.o
 .debug_macro   0x0000c75c       0x1c src/main.o
 .debug_macro   0x0000c778       0x58 src/main.o
 .debug_macro   0x0000c7d0       0x10 src/main.o
 .debug_macro   0x0000c7e0       0xf2 src/main.o
OUTPUT(Lab2_Embsys.elf elf32-avr)
LOAD linker stubs

.BOOT           0x00040000        0x0
